'CT2012_0_EC6P3_100UF/16V' 'ct2012_0_ec6p3_100uf16v.txt';
'CT2012_0_EC6P3_220UF/16V' 'ct2012_0_ec6p3_220uf16v.txt';
'PNP BCE_0_SOT23_SS8550' 'pnpbce_0_sot23_ss8550.txt';
'POWER JACK_3_JACK-2_5MM_B_POWER' 'powerjack_3_jack-2_5mm_b_power.txt';
'CAP_NP_C0603_DISCRETE_NC/10PF' 'cap_np_c0603_discrete_nc10pf.txt';
'RES_5_R0603_DISCRETE_12.1K' 'res_5_r0603_discrete_121k.txt';
'1086-3.3_TO252-2_1086-3.3' '1086-33_to252-2_1086-33.txt';
'CONN_HDR_2X1_CON_2PIN_IO_HDR 1X' 'conn_hdr_2x1_con_2pin_io_hdr1x.txt';
'BEAD_L0603_DISCRETE_330@100MHZ_' 'bead_l0603_discrete_330100mhz_.txt';
'TJA1057GT3_2_SOP8_IC_TJA1042T/3' 'tja1057gt3_2_sop8_ic_tja1042t3.txt';
'RES_5_R0603_DISCRETE_1K_5%' 'res_5_r0603_discrete_1k_5.txt';
'RES_R0603_DISCRETE_47K' 'res_r0603_discrete_47k__1.txt';
'RES_5_R0603_DISCRETE_0R_5%' 'res_5_r0603_discrete_0r_5.txt';
'RES_R0603_DISCRETE_4.7K' 'res_r0603_discrete_47k.txt';
'DIODE BI-DIR TRIG_SOD323_PESD3V' 'diodebi-dirtrig_sod323_pesd3v.txt';
'MP2482DN_2_SOIC8E_E=GND_MP2482D' 'mp2482dn_2_soic8e_egnd_mp2482d.txt';
'ZDIODE_0_DO214_IC_SMAJ5.0CA' 'zdiode_0_do214_ic_smaj50ca.txt';
'CAP_NP_C0603_DISCRETE_2.2UF' 'cap_np_c0603_discrete_22uf__1.txt';
'RES_5_C0603_DISCRETE_47K_5%' 'res_5_c0603_discrete_47k_5.txt';
'CAP_NP_C0603_DISCRETE_2.2NF' 'cap_np_c0603_discrete_22nf.txt';
'CAP_NP_C0603_DISCRETE_0.1UF' 'cap_np_c0603_discrete_01uf.txt';
'RES_R0603_DISCRETE_12.1K' 'res_r0603_discrete_121k.txt';
'RES_5_R0603_DISCRETE_2.2K_5%' 'res_5_r0603_discrete_22k_5.txt';
'RES_R0603_DISCRETE_40.2K' 'res_r0603_discrete_402k.txt';
'CAP_NP_C0603_DISCRETE_5.6PF' 'cap_np_c0603_discrete_56pf.txt';
'RES_5_R0603_DISCRETE_2.7K_5%' 'res_5_r0603_discrete_27k_5.txt';
'CAP_NP_C0603_DISCRETE_4.7UF' 'cap_np_c0603_discrete_47uf.txt';
'RES_R0603_DISCRETE_7.68K' 'res_r0603_discrete_768k.txt';
'RES ADJ_0_RM065-V1_1K' 'resadj_0_rm065-v1_1k.txt';
'PIEZO BUZZER_0_BUZZER_BUZZER' 'piezobuzzer_0_buzzer_buzzer.txt';
'CRYSTAL_3215_IC_32.768KHZ' 'crystal_3215_ic_32768khz.txt';
'4 HEADER_SIP4-2P54_SIP6-2P54-M' '4header_sip4-2p54_sip6-2p54-m.txt';
'SPACER_0_T4R2-6R2_BOTSMT_IC_3.0' 'spacer_0_t4r2-6r2_botsmt_ic_30.txt';
'USB CONN., FEM, TYPE A , TH, RA' 'usbconnfemtypeathra.txt';
'SPACER_0_T4R2-6R2_TOPSMT_IC_3.0' 'spacer_0_t4r2-6r2_topsmt_ic_30.txt';
'RES_5_R0603_DISCRETE_49.9' 'res_5_r0603_discrete_499.txt';
'BEAD_L0603_DISCRETE_330@100MHZ' 'bead_l0603_discrete_330100mhz.txt';
'RES_5_R0603_DISCRETE_3.4K' 'res_5_r0603_discrete_34k.txt';
'C1608_C0603_0.1UF' 'c1608_c0603_01uf.txt';
'RES_4_R0603_DISCRETE_4.7K' 'res_4_r0603_discrete_47k.txt';
'RES_5_R0603_DISCRETE_4.7K' 'res_5_r0603_discrete_47k.txt';
